// Jest Snapshot v1, https://goo.gl/fbAQLP

exports[`Unit tests for the DatasetCard component Should match snapshot - card mode 1`] = `
<div>
  <div
    class="Toastify"
  />
  <a
    href="/datasets/test_dataset"
  >
    <div
      class="
  border-3 cursor-pointer
  border-transparent hover:border-dial-yellow
  text-dataset hover:text-dial-yellow
"
    >
      <div
        class="h-full flex flex-col border border-dial-gray hover:border-transparent card-drop-shadow"
      >
        <div
          class="flex flex-row gap-x-1.5 p-1.5 border-b border-dial-gray dataset-card-header"
        >
          <img
            alt="Logo for: COVID-19"
            class="h-5"
            data-tip="This product has been tagged as relevant for COVID response,"
            src="/icons/coronavirus/coronavirus.png"
          />
          <div
            class="ml-auto text-dial-cyan text-sm font-semibold"
          >
            DATASET
          </div>
        </div>
        <div
          class="flex flex-col h-80 p-4"
        >
          <div
            class="text-2xl font-semibold absolute w-64 2xl:w-80"
          >
            Test Dataset
          </div>
          <img
            alt="Info"
            class="ml-auto opacity-20 hover:opacity-100 dataset-filter"
            data-html="true"
            data-tip="Test Description"
            height="20px"
            src="/icons/info.svg"
            width="20px"
          />
          <div
            class="m-auto w-3/5 h-3/5 relative"
          >
            <span
              style="box-sizing: border-box; display: block; overflow: hidden; background: none; opacity: 1; border: 0px; margin: 0px; padding: 0px; position: absolute; top: 0px; left: 0px; bottom: 0px; right: 0px;"
            >
              <img
                alt="Logo for: Test Dataset"
                data-nimg="fill"
                decoding="async"
                src="data:image/gif;base64,R0lGODlhAQABAIAAAAAAAP///yH5BAEAAAAALAAAAAABAAEAAAIBRAA7"
                style="position: absolute; top: 0px; left: 0px; bottom: 0px; right: 0px; box-sizing: border-box; padding: 0px; margin: auto; display: block; width: 0px; height: 0px; min-width: 100%; max-width: 100%; min-height: 100%; max-height: 100%; object-fit: contain;"
              />
              <noscript />
            </span>
          </div>
        </div>
        <div
          class="flex flex-col bg-dial-gray-light text-dial-gray-dark mt-auto"
        >
          <div
            class="pb-3 flex flex-row flex-wrap justify-between border-b border-dial-gray"
          >
            <div
              class="pl-3 pt-3 flex flex-row"
            >
              <div
                class="text-base my-auto mr-1"
              >
                SDGs
              </div>
              <div
                class="bg-white rounded p-1.5 flex flex-row gap-x-1"
              >
                <img
                  alt="Logo for: Test SDG"
                  class="h-8 cursor-default"
                  data-tip="Sustainable Development Goal: Test SDG"
                  src="/images/sdgs/test_sdg.png"
                />
              </div>
            </div>
          </div>
          <div
            class="flex flex-row justify-between text-dial-gray-dark"
          >
            <div
              class="pl-3 py-3 flex-auto flex flex-col"
            >
              <div
                class="text-base my-auto"
              >
                License
              </div>
              <div
                class="bg-white mt-1.5 mr-auto p-2 rounded text-sm font-semibold"
              >
                TEST LICENCE
              </div>
            </div>
            <div
              class="pr-3 py-3 flex-auto flex flex-col"
            >
              <div
                class="text-base text-right my-auto"
              >
                Sources
              </div>
              <div
                class="flex flex-row justify-end font-semibold"
              >
                <div
                  class="bg-white mt-1.5 mr-1.5 last:mr-0 p-2 rounded text-sm"
                >
                  TESTORIGIN
                </div>
              </div>
            </div>
          </div>
        </div>
      </div>
    </div>
  </a>
</div>
`;

exports[`Unit tests for the DatasetCard component Should match snapshot - list mode 1`] = `
<div>
  <div
    class="Toastify"
  />
  <a
    href="/datasets/test_dataset"
  >
    <div
      class="
  border-3 cursor-pointer
  border-transparent hover:border-dial-yellow
  text-dataset hover:text-dial-yellow
"
    >
      <div
        class="bg-white border border-dial-gray hover:border-transparent card-drop-shadow"
      >
        <div
          class="flex flex-row flex-wrap lg:gap-x-4 px-4"
          style="min-height: 4.5rem;"
        >
          <div
            class="w-10/12 lg:w-4/12 text-base font-semibold text-dial-gray-dark my-auto relative"
          >
            <span
              style="box-sizing: border-box; display: block; overflow: hidden; background: none; opacity: 1; border: 0px; margin: 0px; padding: 0px; position: absolute; top: 0px; left: 0px; bottom: 0px; right: 0px;"
            >
              <img
                alt="Logo for: Test Dataset"
                data-nimg="fill"
                decoding="async"
                src="data:image/gif;base64,R0lGODlhAQABAIAAAAAAAP///yH5BAEAAAAALAAAAAABAAEAAAIBRAA7"
                style="position: absolute; top: 0px; left: 0px; bottom: 0px; right: 0px; box-sizing: border-box; padding: 0px; margin: auto; display: block; width: 0px; height: 0px; min-width: 100%; max-width: 100%; min-height: 100%; max-height: 100%; object-fit: scale-down; object-position: left;"
              />
              <noscript />
            </span>
            <div
              class="ml-8 w-4/5 h-3/5 font-semibold relative 
  whitespace-nowrap text-ellipsis overflow-hidden my-auto
"
            >
              Test Dataset
            </div>
          </div>
          <div
            class="w-8/12 lg:w-4/12 text-sm lg:text-base text-dial-purple 
  whitespace-nowrap text-ellipsis overflow-hidden my-auto
"
          >
            Test origin
          </div>
          <div
            class="w-4/12 lg:w-2/12 text-right text-sm lg:text-base font-semibold text-dial-cyan my-auto"
          >
            DATASET
          </div>
        </div>
      </div>
    </div>
  </a>
</div>
`;
