// Jest Snapshot v1, https://goo.gl/fbAQLP

exports[`Unit tests for the opportunity detail page. Should render detail of a country detail page. 1`] = `
<div>
  <div
    class="Toastify"
  />
  <div
    class="flex flex-col"
  >
    <img
      alt="DIAL DPI Resource Hub"
      class="h-32 w-full object-cover"
      src="/images/hero-image/hub-hero.svg"
    />
    <div
      class="absolute w-full left-1/2 -translate-x-1/2"
    >
      <div
        class="max-w-catalog mx-auto py-2"
      >
        <div
          class="px-4 lg:px-8 xl:px-56 text-dial-gray"
        >
          <div
            class="whitespace-nowrap text-ellipsis overflow-hidden text-sm"
          >
            <a
              class="inline"
              href="/"
            >
              Home
            </a>
          </div>
        </div>
      </div>
      <div
        class="max-w-catalog mx-auto py-1"
      >
        <div
          class="flex gap-4 px-4 lg:px-8 xl:px-56"
        >
          <img
            alt="Flag for country: ZM."
            class="h-16"
            src="https://flagcdn.com/zm.svg"
          />
          <div
            class="text-2xl text-dial-cotton my-auto"
          >
            Zambia
          </div>
        </div>
      </div>
    </div>
    <div
      class="flex flex-col"
    >
      <div
        class="description-section pb-4"
      >
        <div
          class="px-4 lg:px-8 xl:px-56 text-dial-stratos flex flex-col"
        >
          <div
            class="flex flex-flex-wrap gap-3"
          >
            <div
              class="text-xl font-medium py-6 "
            >
              Country Overview
            </div>
          </div>
          <div
            class="relative"
          >
            <div
              class="html-react-parser-viewer text-base"
            >
              Some description
            </div>
          </div>
        </div>
      </div>
      <div
        class="policy-section bg-dial-sapphire"
      >
        <div
          class="px-4 lg:px-8 xl:px-56 text-dial-cotton flex flex-col"
        >
          <div
            class="text-xl font-medium py-6"
          >
            Key Policies, Legal and Regulatory Frameworks
          </div>
          <div
            class="flex flex-col gap-2"
          >
            <div
              class="flex flex-col gap-y-4"
            >
              <hr
                class="border-b border-gray-300 border-dashed"
              />
              <div
                class="relative"
              >
                <a
                  href="/hub/countries/zm/resources/sierra-leone-national-data-strategy-2023"
                >
                  <div
                    class="rounded-lg min-h-[10rem] group"
                  >
                    <div
                      class="flex flex-col gap-y-3"
                    >
                      <div
                        class="text-lg font-medium flex"
                      >
                        <span
                          class="border-b border-transparent group-hover:border-dial-cotton"
                        >
                          Sierra Leone National Data Strategy (2023)
                        </span>
                      </div>
                      <div
                        class="line-clamp-4 text-justify"
                      >
                        Some parsed description
                      </div>
                    </div>
                  </div>
                </a>
              </div>
            </div>
            <div
              class="flex flex-col gap-y-4"
            >
              <hr
                class="border-b border-gray-300 border-dashed"
              />
              <div
                class="relative"
              >
                <a
                  href="/hub/countries/zm/resources/sierra-leone-national-cyber-security-strategy-2021-2025"
                >
                  <div
                    class="rounded-lg min-h-[10rem] group"
                  >
                    <div
                      class="flex flex-col gap-y-3"
                    >
                      <div
                        class="text-lg font-medium flex"
                      >
                        <span
                          class="border-b border-transparent group-hover:border-dial-cotton"
                        >
                          Sierra Leone National Cyber Security Strategy (2021-2025)
                        </span>
                      </div>
                      <div
                        class="line-clamp-4 text-justify"
                      >
                        Some parsed description
                      </div>
                    </div>
                  </div>
                </a>
              </div>
            </div>
            <div
              class="flex flex-col gap-y-4"
            >
              <hr
                class="border-b border-gray-300 border-dashed"
              />
              <div
                class="relative"
              >
                <a
                  href="/hub/countries/zm/resources/sierra-leone-national-cyber-security-policy-2021"
                >
                  <div
                    class="rounded-lg min-h-[10rem] group"
                  >
                    <div
                      class="flex flex-col gap-y-3"
                    >
                      <div
                        class="text-lg font-medium flex"
                      >
                        <span
                          class="border-b border-transparent group-hover:border-dial-cotton"
                        >
                          Sierra Leone National Cyber Security Policy (2021)
                        </span>
                      </div>
                      <div
                        class="line-clamp-4 text-justify"
                      >
                        Some parsed description
                      </div>
                    </div>
                  </div>
                </a>
              </div>
            </div>
            <div
              class="flex flex-col gap-y-4"
            >
              <hr
                class="border-b border-gray-300 border-dashed"
              />
              <div
                class="relative"
              >
                <a
                  href="/hub/countries/zm/resources/sierra-leone-national-innovation--digital-strategy"
                >
                  <div
                    class="rounded-lg min-h-[10rem] group"
                  >
                    <div
                      class="flex flex-col gap-y-3"
                    >
                      <div
                        class="text-lg font-medium flex"
                      >
                        <span
                          class="border-b border-transparent group-hover:border-dial-cotton"
                        >
                          Sierra Leone National Innovation & Digital Strategy
                        </span>
                      </div>
                      <div
                        class="line-clamp-4 text-justify"
                      >
                        Some parsed description
                      </div>
                    </div>
                  </div>
                </a>
              </div>
            </div>
          </div>
          <div
            class="flex flex-col gap-y-4 my-6 text-dial-slate-300"
          >
            <hr
              class="border-b border-dial-slate-300"
            />
            <div
              class="flex flex-col md:flex-row gap-x-16 gap-y-3"
            >
              <div
                class="my-auto text-sm"
              >
                Showing 1 - 4 of 4 total
              </div>
              <ul
                aria-label="Pagination"
                class="flex gap-x-3 text-sm"
                role="navigation"
              >
                <li
                  class="previous opacity-30"
                >
                  <a
                    aria-disabled="true"
                    aria-label="Previous page"
                    class="block w-10 h-10 leading-10 text-center "
                    rel="prev"
                    role="button"
                    tabindex="-1"
                  >
                    &lt;
                  </a>
                </li>
                <li
                  class="text-dial-cotton font-semibold"
                >
                  <a
                    aria-current="page"
                    aria-label="Page 1 is your current page"
                    class="block w-10 h-10 leading-10 text-center"
                    rel="canonical"
                    role="button"
                    tabindex="-1"
                  >
                    1
                  </a>
                </li>
                <li
                  class="next opacity-30"
                >
                  <a
                    aria-disabled="true"
                    aria-label="Next page"
                    class="block w-10 h-10 leading-10 text-center "
                    rel="next"
                    role="button"
                    tabindex="-1"
                  >
                    &gt;
                  </a>
                </li>
              </ul>
            </div>
            <hr
              class="border-b border-dial-slate-300"
            />
          </div>
        </div>
      </div>
      <div
        class="website-section"
      >
        <div
          class="px-4 lg:px-8 xl:px-56 text-dial-stratos flex flex-col"
        >
          <div
            class="text-xl font-medium py-6"
          >
            Key Government Websites
          </div>
          <div
            class="grid md:grid-cols-2 gap-4"
          >
            <div
              class="border bg-dial-yellow rounded-md min-h-[2rem]"
            >
              <div
                class="flex flex-col"
              >
                <a
                  class="p-3 text-lg font-medium flex group"
                  href="/hub/countries/zm/resources/stats-sl-open-data-dashboard"
                >
                  <div
                    class="line-clamp-1 border-b border-transparent group-hover:border-dial-stratos"
                  >
                    Stats SL Open Data Dashboard
                  </div>
                </a>
                <a
                  class="px-3 pb-3 text-justify text-sm flex group"
                  href="//www.statistics.sl/index.php/what-we-offer/open-data-free-datasets.html"
                  rel="noreferrer"
                  target="_blank"
                >
                  <div
                    class="line-clamp-1 border-b border-transparent group-hover:border-dial-stratos"
                  >
                    www.statistics.sl/index.php/what-we-offer/open-data-free-datasets.html
                     ⧉
                  </div>
                </a>
              </div>
            </div>
            <div
              class="border bg-dial-yellow rounded-md min-h-[2rem]"
            >
              <div
                class="flex flex-col"
              >
                <a
                  class="p-3 text-lg font-medium flex group"
                  href="/hub/countries/zm/resources/sierra-leone-data-portal-website"
                >
                  <div
                    class="line-clamp-1 border-b border-transparent group-hover:border-dial-stratos"
                  >
                    Sierra Leone Data Portal Website
                  </div>
                </a>
                <a
                  class="px-3 pb-3 text-justify text-sm flex group"
                  href="//sierraleone.opendataforafrica.org/data/#menu=topic"
                  rel="noreferrer"
                  target="_blank"
                >
                  <div
                    class="line-clamp-1 border-b border-transparent group-hover:border-dial-stratos"
                  >
                    sierraleone.opendataforafrica.org/data/#menu=topic
                     ⧉
                  </div>
                </a>
              </div>
            </div>
            <div
              class="border bg-dial-yellow rounded-md min-h-[2rem]"
            >
              <div
                class="flex flex-col"
              >
                <a
                  class="p-3 text-lg font-medium flex group"
                  href="/hub/countries/zm/resources/sierra-leone-citizen-portal"
                >
                  <div
                    class="line-clamp-1 border-b border-transparent group-hover:border-dial-stratos"
                  >
                    Sierra Leone Citizen Portal
                  </div>
                </a>
                <a
                  class="px-3 pb-3 text-justify text-sm flex group"
                  href="//portal.moppa.gov.sl"
                  rel="noreferrer"
                  target="_blank"
                >
                  <div
                    class="line-clamp-1 border-b border-transparent group-hover:border-dial-stratos"
                  >
                    portal.moppa.gov.sl
                     ⧉
                  </div>
                </a>
              </div>
            </div>
          </div>
          <div
            class="flex flex-col gap-y-4 my-6 false"
          >
            <hr
              class="border-b border-dial-slate-300"
            />
            <div
              class="flex flex-col md:flex-row gap-x-16 gap-y-3"
            >
              <div
                class="my-auto text-sm"
              >
                Showing 1 - 3 of 3 total
              </div>
              <ul
                aria-label="Pagination"
                class="flex gap-x-3 text-sm"
                role="navigation"
              >
                <li
                  class="previous opacity-30"
                >
                  <a
                    aria-disabled="true"
                    aria-label="Previous page"
                    class="block w-10 h-10 leading-10 text-center "
                    rel="prev"
                    role="button"
                    tabindex="-1"
                  >
                    &lt;
                  </a>
                </li>
                <li
                  class="false font-semibold"
                >
                  <a
                    aria-current="page"
                    aria-label="Page 1 is your current page"
                    class="block w-10 h-10 leading-10 text-center"
                    rel="canonical"
                    role="button"
                    tabindex="-1"
                  >
                    1
                  </a>
                </li>
                <li
                  class="next opacity-30"
                >
                  <a
                    aria-disabled="true"
                    aria-label="Next page"
                    class="block w-10 h-10 leading-10 text-center "
                    rel="next"
                    role="button"
                    tabindex="-1"
                  >
                    &gt;
                  </a>
                </li>
              </ul>
            </div>
            <hr
              class="border-b border-dial-slate-300"
            />
          </div>
        </div>
      </div>
      <div
        class="product-section bg-dial-sapphire"
      >
        <div
          class="px-4 lg:px-8 xl:px-56 flex flex-col"
        >
          <div
            class="text-xl font-medium text-center py-6 text-dial-cotton"
          >
            Products
          </div>
          <div
            class="grid grid-cols-1 md:grid-cols-2 xl:grid-cols-3 gap-8"
          >
            <div
              class="relative"
            >
              <a
                href="/products/rapidpro"
              >
                <div
                  class="flex flex-col gap-2"
                >
                  <div
                    class="min-h-[12rem] flex items-center justify-center bg-white"
                  >
                    <img
                      alt="Logo of Product."
                      class="object-contain max-h-[6rem]"
                      src="http://localhost:3000//assets/products/rapidpro.png"
                    />
                  </div>
                  <div
                    class="text-center text-white"
                  >
                    RapidPro
                  </div>
                </div>
              </a>
              <div
                class="absolute top-2 right-2"
              />
            </div>
            <div
              class="relative"
            >
              <a
                href="/products/kobotoolbox"
              >
                <div
                  class="flex flex-col gap-2"
                >
                  <div
                    class="min-h-[12rem] flex items-center justify-center bg-white"
                  >
                    <img
                      alt="Logo of Product."
                      class="object-contain max-h-[6rem]"
                      src="http://localhost:3000//assets/products/kobotoolbox.png"
                    />
                  </div>
                  <div
                    class="text-center text-white"
                  >
                    KoboToolbox
                  </div>
                </div>
              </a>
              <div
                class="absolute top-2 right-2"
              />
            </div>
          </div>
          <div
            class="flex flex-col gap-y-4 my-6 text-dial-slate-300"
          >
            <hr
              class="border-b border-dial-slate-300"
            />
            <div
              class="flex flex-col md:flex-row gap-x-16 gap-y-3"
            >
              <div
                class="my-auto text-sm"
              >
                Showing 1 - 2 of 2 total
              </div>
              <ul
                aria-label="Pagination"
                class="flex gap-x-3 text-sm"
                role="navigation"
              >
                <li
                  class="previous opacity-30"
                >
                  <a
                    aria-disabled="true"
                    aria-label="Previous page"
                    class="block w-10 h-10 leading-10 text-center "
                    rel="prev"
                    role="button"
                    tabindex="-1"
                  >
                    &lt;
                  </a>
                </li>
                <li
                  class="text-dial-cotton font-semibold"
                >
                  <a
                    aria-current="page"
                    aria-label="Page 1 is your current page"
                    class="block w-10 h-10 leading-10 text-center"
                    rel="canonical"
                    role="button"
                    tabindex="-1"
                  >
                    1
                  </a>
                </li>
                <li
                  class="next opacity-30"
                >
                  <a
                    aria-disabled="true"
                    aria-label="Next page"
                    class="block w-10 h-10 leading-10 text-center "
                    rel="next"
                    role="button"
                    tabindex="-1"
                  >
                    &gt;
                  </a>
                </li>
              </ul>
            </div>
            <hr
              class="border-b border-dial-slate-300"
            />
          </div>
        </div>
      </div>
      <div
        class="resource-section"
      >
        <div
          class="px-4 lg:px-8 xl:px-56 flex flex-col"
        >
          <div
            class="text-xl font-medium py-6"
          >
            Resources, Reports, and Articles
          </div>
          Fetching data ...
          Fetching data ...
        </div>
      </div>
      <div
        class="candidate-resource-section bg-dial-lavender"
      >
        <div
          class="px-4 lg:px-8 xl:px-56 flex flex-col text-dial-stratos"
        >
          <div
            class="flex flex-col md:flex-row gap-3"
          >
            <div
              class="text-xl font-medium py-6"
            >
              Suggested Resources, Reports, and Articles
            </div>
            <div
              class="ml-auto text-sm flex justify-center items-center"
            >
              <a
                class="cursor-pointer bg-dial-sapphire px-4 py-2 rounded "
                href="/hub/resources/suggest"
              >
                <div
                  class="flex flex-row gap-1 text-dial-cotton"
                >
                  <svg
                    class="inline my-auto"
                    fill="none"
                    height="1em"
                    stroke="currentColor"
                    stroke-linecap="round"
                    stroke-linejoin="round"
                    stroke-width="2"
                    viewBox="0 0 24 24"
                    width="1em"
                    xmlns="http://www.w3.org/2000/svg"
                  >
                    <circle
                      cx="12"
                      cy="12"
                      r="10"
                    />
                    <line
                      x1="12"
                      x2="12"
                      y1="8"
                      y2="16"
                    />
                    <line
                      x1="8"
                      x2="16"
                      y1="12"
                      y2="12"
                    />
                  </svg>
                  Create New
                </div>
              </a>
            </div>
          </div>
          <div
            class="flex flex-col gap-2"
          >
            <div
              class="flex flex-col gap-y-4"
            >
              <hr
                class="border-b border-gray-300 border-dashed"
              />
              <div
                class="relative"
              >
                <div
                  class="rounded-lg min-h-[6rem] group"
                >
                  <div
                    class="flex flex-col gap-y-3 relative"
                  >
                    <div
                      class="text-lg font-medium flex"
                    >
                      <span
                        class="border-b border-transparent group-hover:border-dial-stratos"
                      >
                        Test Adding More Candidate Resource
                      </span>
                    </div>
                    <div
                      class="absolute top-2 right-2 bg-dial-sapphire rounded"
                    >
                      <div
                        class="text-dial-cotton text-xs px-2 py-1"
                      >
                        In Review
                      </div>
                    </div>
                    <div
                      class="line-clamp-2 text-justify text-sm"
                    >
                      Parsed example of description
                    </div>
                  </div>
                </div>
              </div>
            </div>
          </div>
          <div
            class="flex flex-col gap-y-4 my-6 false"
          >
            <hr
              class="border-b border-dial-slate-300"
            />
            <div
              class="flex flex-col md:flex-row gap-x-16 gap-y-3"
            >
              <div
                class="my-auto text-sm"
              >
                Showing 1 - 1 of 1 total
              </div>
              <ul
                aria-label="Pagination"
                class="flex gap-x-3 text-sm"
                role="navigation"
              >
                <li
                  class="previous opacity-30"
                >
                  <a
                    aria-disabled="true"
                    aria-label="Previous page"
                    class="block w-10 h-10 leading-10 text-center "
                    rel="prev"
                    role="button"
                    tabindex="-1"
                  >
                    &lt;
                  </a>
                </li>
                <li
                  class="false font-semibold"
                >
                  <a
                    aria-current="page"
                    aria-label="Page 1 is your current page"
                    class="block w-10 h-10 leading-10 text-center"
                    rel="canonical"
                    role="button"
                    tabindex="-1"
                  >
                    1
                  </a>
                </li>
                <li
                  class="next opacity-30"
                >
                  <a
                    aria-disabled="true"
                    aria-label="Next page"
                    class="block w-10 h-10 leading-10 text-center "
                    rel="next"
                    role="button"
                    tabindex="-1"
                  >
                    &gt;
                  </a>
                </li>
              </ul>
            </div>
            <hr
              class="border-b border-dial-slate-300"
            />
          </div>
        </div>
      </div>
    </div>
  </div>
</div>
`;
