// Jest Snapshot v1, https://goo.gl/fbAQLP

exports[`Unit tests for the opportunity detail page. Should render detail of a topic page. 1`] = `
<div>
  <div
    class="Toastify"
  />
  <div
    class="flex flex-col gap-6 pb-12 max-w-catalog"
  >
    <img
      alt="DIAL Resource Hub"
      class="h-32 w-full object-cover"
      src="/images/hero-image/hub-hero.svg"
    />
    <div
      class="absolute w-full left-1/2 -translate-x-1/2"
    >
      <div
        class="max-w-catalog mx-auto py-12"
      >
        <div
          class="text-2xl px-4 lg:px-8 xl:px-56 text-dial-gray"
        >
          Browse Resources by Topic
        </div>
      </div>
    </div>
    <div
      class="px-4 lg:px-8 xl:px-56 min-h-[60vh] lg:min-h-[65vh]"
    >
      <div
        class="flex flex-col gap-6 z-20"
      >
        <div
          class="max-w-4xl"
        >
          
    Topics showcases a series of knowledge products published by DIAL and its partners
    on key issues surrounding digital public infrastructure.
  
        </div>
        <div
          class="grid grid-cols-1 md:grid-cols-2 gap-12 mx-auto"
        >
          <a
            class="text-dial-cotton"
            href="/hub/topics/ai--machine-learning"
          >
            <div
              class="bg-dial-deep-purple py-8 lg:py-12 w-52 h-56 relative flex justify-center"
            >
              <img
                alt="AI + Machine Learning"
                class="white-filter opacity-50 mb-10 h-16"
                src="http://localhost:3000//assets/resources/resource-topic-placeholder.svg"
              />
              <div
                class="absolute left-1/2 -translate-x-1/2 bottom-8 text-center uppercase 2xl:text-lg"
              >
                AI + Machine Learning
              </div>
            </div>
          </a>
          <a
            class="text-dial-cotton"
            href="/hub/topics/consent"
          >
            <div
              class="bg-dial-deep-purple py-8 lg:py-12 w-52 h-56 relative flex justify-center"
            >
              <img
                alt="Consent"
                class="white-filter opacity-50 mb-10 h-16"
                src="http://localhost:3000//assets/resources/resource-topic-placeholder.svg"
              />
              <div
                class="absolute left-1/2 -translate-x-1/2 bottom-8 text-center uppercase 2xl:text-lg"
              >
                Consent
              </div>
            </div>
          </a>
          <a
            class="text-dial-cotton"
            href="/hub/topics/data-privacy"
          >
            <div
              class="bg-dial-deep-purple py-8 lg:py-12 w-52 h-56 relative flex justify-center"
            >
              <img
                alt="Data Privacy"
                class="white-filter opacity-50 mb-10 h-16"
                src="http://localhost:3000//assets/resources/resource-topic-placeholder.svg"
              />
              <div
                class="absolute left-1/2 -translate-x-1/2 bottom-8 text-center uppercase 2xl:text-lg"
              >
                Data Privacy
              </div>
            </div>
          </a>
          <a
            class="text-dial-cotton"
            href="/hub/topics/data-exchange"
          >
            <div
              class="bg-dial-deep-purple py-8 lg:py-12 w-52 h-56 relative flex justify-center"
            >
              <img
                alt="Data Exchange"
                class="white-filter opacity-50 mb-10 h-16"
                src="http://localhost:3000//assets/resources/resource-topic-placeholder.svg"
              />
              <div
                class="absolute left-1/2 -translate-x-1/2 bottom-8 text-center uppercase 2xl:text-lg"
              >
                Data Exchange
              </div>
            </div>
          </a>
        </div>
      </div>
    </div>
  </div>
</div>
`;
