// Jest Snapshot v1, https://goo.gl/fbAQLP

exports[`Unit tests for the CountryDelete component. Should open ConfirmActionDialog after clicks "Delete" button. 1`] = `
<div
  aria-labelledby="headlessui-dialog-title-:r2:"
  aria-modal="true"
  class="fixed z-100"
  data-headlessui-state="open"
  data-testid="confirm-action-dialog"
  id="headlessui-dialog-:r0:"
  role="dialog"
>
  <div
    aria-hidden="true"
    class="fixed inset-0 bg-dial-gray opacity-80"
  />
  <div
    class="fixed inset-0 flex items-center justify-center p-4"
  >
    <div
      class="inline-block w-4/5 md:w-3/5 lg:w-3/5 xl:w-1/2 p-8 transform bg-white shadow-xl rounded-2xl ease-out duration-300 opacity-0 scale-95"
      data-headlessui-state="open"
      id="headlessui-dialog-panel-:r1:"
    >
      <h2
        class="card-title pb-3 text-xl xl:text-2xl text-dial-blue"
        data-headlessui-state="open"
        id="headlessui-dialog-title-:r2:"
      >
        <span
          data-testid="title"
        >
          Deleting country
        </span>
      </h2>
      <span
        class="flex flex-col pb-3"
        data-testid="message"
      >
        Are you sure you want to delete this Country?
      </span>
      <div
        class="flex justify-center sm:justify-end gap-3 text-xl"
      >
        <button
          class="submit-button"
          data-testid="confirm-button"
          type="button"
        >
          Confirm
        </button>
        <button
          class="cancel-button"
          data-testid="cancel-button"
          type="button"
        >
          Cancel
        </button>
      </div>
    </div>
  </div>
</div>
`;
