// Jest Snapshot v1, https://goo.gl/fbAQLP

exports[`Unit test for the CategoryIndicatorDetail component. Should render CategoryIndicatorDetail component 1`] = `
<div>
  <div
    class="Toastify"
  />
  <div
    class="flex flex-col lg:flex-row pb-8 max-w-catalog mx-auto"
  >
    <div
      class="lg:sticky lg:top-66px w-full lg:w-1/3 xl:w-1/4 h-full p-4"
    >
      <div
        class="block lg:hidden"
      >
        <div
          class="bg-white pb-3 lg:py-4 whitespace-nowrap text-ellipsis overflow-hidden"
        >
          <a
            class="inline text-dial-blue h5"
            href="/"
          >
            Home
          </a>
          <div
            class="inline h5"
          >
             &gt; 
            <a
              class="text-dial-gray-dark"
              href="/"
            />
          </div>
        </div>
      </div>
      <div
        class="h-12 w-full inline-flex gap-3 items-center"
      />
      <div
        class="bg-white border-2 border-dial-gray lg:mr-6 shadow-lg"
      >
        <div
          class="flex flex-col p-4 text-dial-gray-dark"
        >
          <div
            class="font-semibold text-lg"
          >
            Test Category Indicator
          </div>
          <hr
            class="my-2"
          />
          <div
            class="text-sm"
          >
            <div>
              <span
                class="font-semibold"
              >
                Weight
              </span>
              : 
              0.9
            </div>
            <div>
              <span
                class="font-semibold"
              >
                Indicator type
              </span>
              : 
              numeric
            </div>
          </div>
        </div>
      </div>
    </div>
    <div
      class="w-full lg:w-2/3 xl:w-3/4"
    >
      <div
        class="px-4 text-dial-gray-dark"
      >
        <div
          class="hidden lg:block"
        >
          <div
            class="bg-white pb-3 lg:py-4 whitespace-nowrap text-ellipsis overflow-hidden"
          >
            <a
              class="inline text-dial-blue h5"
              href="/"
            >
              Home
            </a>
            <div
              class="inline h5"
            >
               &gt; 
              <a
                class="text-dial-gray-dark"
                href="/"
              />
            </div>
          </div>
        </div>
        <div
          class="mb-8"
        >
          <div
            class="card-title mb-3"
          >
            Data source
          </div>
          Test data source
        </div>
        <div
          class="mb-8"
        >
          <div
            class="card-title mb-3"
          >
            Script name
          </div>
          Test script name
        </div>
        <div>
          <div
            class="card-title mb-3"
          >
            Description
          </div>
          Test description
        </div>
      </div>
    </div>
  </div>
</div>
`;
