// Jest Snapshot v1, https://goo.gl/fbAQLP

exports[`Unit tests for the useCase detail page. Should render detail of a useCase. 1`] = `
<div>
  <div
    class="Toastify"
  />
  <div
    class="lg:px-8 xl:px-56 flex flex-col"
  >
    <div
      class="px-4 lg:px-6 py-4 bg-dial-blue-chalk text-dial-stratos ribbon-detail z-40"
    >
      <div
        class="whitespace-nowrap text-ellipsis overflow-hidden"
      >
        <a
          class="h5"
          href="/"
        >
          Home
        </a>
      </div>
    </div>
    <div
      class="flex flex-col lg:flex-row gap-x-8"
    >
      <div
        class="lg:basis-1/3"
      >
        <div
          class="bg-dial-slate-100 h-full"
        >
          <div
            class="flex flex-col gap-y-3 px-4 lg:px-6 lg:py-3"
          >
            <div
              class="flex flex-col gap-y-4 py-3"
            >
              <div
                class="text-xl text-dial-blueberry font-semibold"
              >
                Remote Learning
              </div>
              <div
                class="flex justify-center items-center py-16 bg-white rounded border"
              >
                <div
                  class="w-20 h-20 px-1 py-1 rounded-full bg-dial-blueberry"
                >
                  <img
                    alt="Logo of Use Case."
                    class="object-contain dial-blueberry-filter w-14 h-14 mx-auto my-2 white-filter"
                    src="http://localhost:3000//assets/use-cases/remote-learning.svg"
                  />
                </div>
              </div>
              <div
                class="flex flex-col gap-y-8 text-sm pt-6 pb-3"
              />
            </div>
            <hr
              class="border-b border-dial-slate-200"
            />
          </div>
        </div>
      </div>
      <div
        class="lg:basis-2/3"
      >
        <div
          class="h-[60vh]"
        >
          <div
            class="flex bg-dial-alice-blue h-full"
          >
            <div
              class="text-dial-stratos text-lg w-full my-auto flex flex-col gap-4"
            >
              <svg
                class="mx-auto"
                fill="currentColor"
                height="3em"
                stroke="currentColor"
                stroke-width="0"
                viewBox="0 0 512 512"
                width="3em"
                xmlns="http://www.w3.org/2000/svg"
              >
                <path
                  d="M256 512A256 256 0 1 0 256 0a256 256 0 1 0 0 512zm0-384c13.3 0 24 10.7 24 24V264c0 13.3-10.7 24-24 24s-24-10.7-24-24V152c0-13.3 10.7-24 24-24zM224 352a32 32 0 1 1 64 0 32 32 0 1 1 -64 0z"
                />
              </svg>
              <div
                class="text-center mt-5"
              >
                You are not authorized to view this page
              </div>
            </div>
          </div>
        </div>
      </div>
    </div>
  </div>
</div>
`;

exports[`Unit tests for the useCase detail page. Should render edit page for logged in user. 1`] = `
<div>
  <div
    class="Toastify"
  />
  <div
    class="lg:px-8 xl:px-56 flex flex-col"
  >
    <div
      class="px-4 lg:px-6 py-4 bg-dial-blue-chalk text-dial-stratos ribbon-detail z-40"
    >
      <div
        class="whitespace-nowrap text-ellipsis overflow-hidden"
      >
        <a
          class="h5"
          href="/"
        >
          Home
        </a>
      </div>
    </div>
    <div
      class="flex flex-col lg:flex-row gap-x-8"
    >
      <div
        class="lg:basis-1/3"
      >
        <div
          class="bg-dial-slate-100 h-full"
        >
          <div
            class="flex flex-col gap-y-3 px-4 lg:px-6 lg:py-3"
          >
            <div
              class="flex flex-col gap-y-4 py-3"
            >
              <div
                class="text-xl text-dial-blueberry font-semibold"
              >
                Remote Learning
              </div>
              <div
                class="flex justify-center items-center py-16 bg-white rounded border"
              >
                <div
                  class="w-20 h-20 px-1 py-1 rounded-full bg-dial-blueberry"
                >
                  <img
                    alt="Logo of Use Case."
                    class="object-contain dial-blueberry-filter w-14 h-14 mx-auto my-2 white-filter"
                    src="http://localhost:3000//assets/use-cases/remote-learning.svg"
                  />
                </div>
              </div>
              <div
                class="flex flex-col gap-y-8 text-sm pt-6 pb-3"
              />
            </div>
            <hr
              class="border-b border-dial-slate-200"
            />
          </div>
        </div>
      </div>
      <div
        class="lg:basis-2/3"
      >
        <form>
          <div
            class="px-4 lg:px-0 py-4 lg:py-6"
          >
            <div
              class="flex flex-col gap-y-6 text-sm"
            >
              <div
                class="text-xl font-semibold text-dial-blueberry"
              >
                Edit Remote Learning
              </div>
              <div
                class="flex flex-col gap-y-2"
              >
                <label
                  class="required-field text-dial-blueberry"
                  for="name"
                >
                  Name
                </label>
                <input
                  class="text-sm w-full text-sm"
                  id="name"
                  name="name"
                  placeholder="Name"
                  type="text"
                  value=""
                />
              </div>
              <div
                class="flex flex-col gap-y-2"
              >
                <label
                  class="required-field text-dial-blueberry"
                  for="use-case-sector"
                >
                  Sector
                </label>
                <div
                  class=" css-1uaxf62-container"
                  id="use-case-sector"
                >
                  <span
                    class="css-1f43avz-a11yText-A11yText"
                    id="react-select-:r0:-live-region"
                  />
                  <span
                    aria-atomic="false"
                    aria-live="polite"
                    aria-relevant="additions text"
                    class="css-1f43avz-a11yText-A11yText"
                    role="log"
                  />
                  <div
                    class="react-select__control css-afrqkl-control"
                  >
                    <div
                      class="react-select__value-container css-17t7gkf-ValueContainer"
                    >
                      <div
                        class="react-select__placeholder css-5rjclb-placeholder"
                        id="react-select-:r0:-placeholder"
                      >
                        Sector
                      </div>
                      <div
                        class="react-select__input-container css-qbdosj-Input"
                        data-value=""
                      >
                        <input
                          aria-activedescendant=""
                          aria-autocomplete="list"
                          aria-describedby="react-select-:r0:-placeholder"
                          aria-expanded="false"
                          aria-haspopup="true"
                          autocapitalize="none"
                          autocomplete="off"
                          autocorrect="off"
                          class="react-select__input"
                          id="react-select-id-sector"
                          role="combobox"
                          spellcheck="false"
                          style="opacity: 1; width: 100%; grid-area: 1 / 2; min-width: 2px; border: 0px; margin: 0px; outline: 0; padding: 0px;"
                          tabindex="0"
                          type="text"
                          value=""
                        />
                      </div>
                    </div>
                    <div
                      class="react-select__indicators css-1hb7zxy-IndicatorsContainer"
                    >
                      <span
                        class="react-select__indicator-separator css-nyxz9h-indicatorSeparator"
                      />
                      <div
                        aria-hidden="true"
                        class="react-select__indicator react-select__dropdown-indicator css-2hgo35-indicatorContainer"
                      >
                        <svg
                          aria-hidden="true"
                          class="text-lg"
                          fill="none"
                          height="1em"
                          stroke="currentColor"
                          stroke-width="2"
                          viewBox="0 0 24 24"
                          width="1em"
                          xmlns="http://www.w3.org/2000/svg"
                        >
                          <path
                            d="M21 21l-6-6m2-5a7 7 0 11-14 0 7 7 0 0114 0z"
                            stroke-linecap="round"
                            stroke-linejoin="round"
                          />
                        </svg>
                      </div>
                    </div>
                  </div>
                </div>
                <p
                  class="text-xs italic text-validation-error"
                >
                  This field is required
                </p>
              </div>
              <div
                class="flex flex-col gap-y-2"
              >
                <label
                  class="required-field text-dial-blueberry"
                  for="use-case-maturity"
                >
                  Maturity
                </label>
                <div
                  class=" css-1uaxf62-container"
                  id="use-case-maturity"
                >
                  <span
                    class="css-1f43avz-a11yText-A11yText"
                    id="react-select-:r1:-live-region"
                  />
                  <span
                    aria-atomic="false"
                    aria-live="polite"
                    aria-relevant="additions text"
                    class="css-1f43avz-a11yText-A11yText"
                    role="log"
                  />
                  <div
                    class="react-select__control css-afrqkl-control"
                  >
                    <div
                      class="react-select__value-container react-select__value-container--has-value css-17t7gkf-ValueContainer"
                    >
                      <div
                        class="react-select__single-value css-1dimb5e-singleValue"
                      >
                        Published
                      </div>
                      <div
                        class="react-select__input-container css-qbdosj-Input"
                        data-value=""
                      >
                        <input
                          aria-activedescendant=""
                          aria-autocomplete="list"
                          aria-expanded="false"
                          aria-haspopup="true"
                          autocapitalize="none"
                          autocomplete="off"
                          autocorrect="off"
                          class="react-select__input"
                          id="react-select-id-maturity"
                          role="combobox"
                          spellcheck="false"
                          style="opacity: 1; width: 100%; grid-area: 1 / 2; min-width: 2px; border: 0px; margin: 0px; outline: 0; padding: 0px;"
                          tabindex="0"
                          type="text"
                          value=""
                        />
                      </div>
                    </div>
                    <div
                      class="react-select__indicators css-1hb7zxy-IndicatorsContainer"
                    >
                      <span
                        class="react-select__indicator-separator css-nyxz9h-indicatorSeparator"
                      />
                      <div
                        aria-hidden="true"
                        class="react-select__indicator react-select__dropdown-indicator css-2hgo35-indicatorContainer"
                      >
                        <svg
                          aria-hidden="true"
                          class="text-lg"
                          fill="none"
                          height="1em"
                          stroke="currentColor"
                          stroke-width="2"
                          viewBox="0 0 24 24"
                          width="1em"
                          xmlns="http://www.w3.org/2000/svg"
                        >
                          <path
                            d="M21 21l-6-6m2-5a7 7 0 11-14 0 7 7 0 0114 0z"
                            stroke-linecap="round"
                            stroke-linejoin="round"
                          />
                        </svg>
                      </div>
                    </div>
                  </div>
                </div>
              </div>
              <div
                class="flex flex-col gap-y-2"
              >
                <label
                  class="text-dial-sapphire"
                  for="markdown-url"
                >
                  Markdown URL
                </label>
                <div
                  class="border border-transparent url-input bg-white flex items-center"
                >
                  <input
                    class="url w-full text-sm placeholder-dial-gray border-0 py-0 px-0 focus:outline-0"
                    id="markdown-url"
                    placeholder="Markdown URL"
                    value=""
                  />
                </div>
              </div>
              <div
                class="flex flex-col gap-y-2"
              >
                <label
                  class="text-dial-sapphire"
                  for="image-uploader"
                >
                  Logo
                </label>
                <label
                  class="flex items-center"
                >
                  <input
                    accept=".jpg,.jpeg,.png,.bmp"
                    class="bg-white file:hidden w-full text-sm"
                    id="image-uploader"
                    name="imageFile"
                    type="file"
                  />
                  <div
                    class="-ml-11 flex p-1"
                  >
                    <span
                      class="h-full pl-1 border-l text-dial-gray-dark border-dial-gray-dark"
                    >
                      <svg
                        fill="currentColor"
                        height="1em"
                        stroke="currentColor"
                        stroke-width="0"
                        version="1.1"
                        viewBox="0 0 16 16"
                        width="1em"
                        xmlns="http://www.w3.org/2000/svg"
                      >
                        <path
                          d="M13 14h-10v-2l3-5 4.109 5 2.891-2v4z"
                        />
                        <path
                          d="M13 7.5c0 0.828-0.672 1.5-1.5 1.5s-1.5-0.672-1.5-1.5 0.672-1.5 1.5-1.5c0.828 0 1.5 0.672 1.5 1.5z"
                        />
                        <path
                          d="M14.341 3.579c-0.347-0.473-0.831-1.027-1.362-1.558s-1.085-1.015-1.558-1.362c-0.806-0.591-1.197-0.659-1.421-0.659h-7.75c-0.689 0-1.25 0.561-1.25 1.25v13.5c0 0.689 0.561 1.25 1.25 1.25h11.5c0.689 0 1.25-0.561 1.25-1.25v-9.75c0-0.224-0.068-0.615-0.659-1.421zM12.271 2.729c0.48 0.48 0.856 0.912 1.134 1.271h-2.406v-2.405c0.359 0.278 0.792 0.654 1.271 1.134zM14 14.75c0 0.136-0.114 0.25-0.25 0.25h-11.5c-0.135 0-0.25-0.114-0.25-0.25v-13.5c0-0.135 0.115-0.25 0.25-0.25 0 0 7.749-0 7.75 0v3.5c0 0.276 0.224 0.5 0.5 0.5h3.5v9.75z"
                        />
                      </svg>
                    </span>
                  </div>
                </label>
                <div
                  class="text-xs italic text-dial-stratos"
                >
                  Note: Supported file types are jpg, png, and bmp
                </div>
              </div>
              <label
                class="flex gap-x-2 items-center self-start text-dial-sapphire"
              >
                <input
                  class="h-5 w-5"
                  name="govStackEntity"
                  type="checkbox"
                />
                GovStack use case
              </label>
              <div
                class="flex flex-col gap-y-2"
              >
                <label
                  class="text-dial-sapphire required-field"
                >
                  Description
                </label>
                <div
                  class="relative"
                >
                  <svg
                    class="absolute text-lg inset-x-1/2 top-10 spinner"
                    fill="currentColor"
                    height="2em"
                    stroke="currentColor"
                    stroke-width="0"
                    viewBox="0 0 512 512"
                    width="2em"
                    xmlns="http://www.w3.org/2000/svg"
                  >
                    <path
                      d="M304 48a48 48 0 1 0 -96 0 48 48 0 1 0 96 0zm0 416a48 48 0 1 0 -96 0 48 48 0 1 0 96 0zM48 304a48 48 0 1 0 0-96 48 48 0 1 0 0 96zm464-48a48 48 0 1 0 -96 0 48 48 0 1 0 96 0zM142.9 437A48 48 0 1 0 75 369.1 48 48 0 1 0 142.9 437zm0-294.2A48 48 0 1 0 75 75a48 48 0 1 0 67.9 67.9zM369.1 437A48 48 0 1 0 437 369.1 48 48 0 1 0 369.1 437z"
                    />
                  </svg>
                  <div
                    class="html-editor"
                  >
                    <textarea
                      id="use-case-description-editor"
                      style="visibility: hidden;"
                    />
                  </div>
                </div>
              </div>
              <div
                class="flex flex-wrap text-base mt-6 gap-3"
              >
                <button
                  class="submit-button"
                  type="submit"
                >
                  Submit Use Case
                </button>
                <button
                  class="cancel-button"
                  type="button"
                >
                  Cancel
                </button>
              </div>
            </div>
          </div>
        </form>
      </div>
    </div>
  </div>
</div>
`;

exports[`Unit tests for the useCase detail page. Should render unauthorized for non logged in user. 1`] = `
<div>
  <div
    class="Toastify"
  />
  <div
    class="lg:px-8 xl:px-56 flex flex-col"
  >
    <div
      class="px-4 lg:px-6 py-4 bg-dial-blue-chalk text-dial-stratos ribbon-detail z-40"
    >
      <div
        class="whitespace-nowrap text-ellipsis overflow-hidden"
      >
        <a
          class="h5"
          href="/"
        >
          Home
        </a>
      </div>
    </div>
    <div
      class="flex flex-col lg:flex-row gap-x-8"
    >
      <div
        class="lg:basis-1/3"
      >
        <div
          class="bg-dial-slate-100 h-full"
        >
          <div
            class="flex flex-col gap-y-3 px-4 lg:px-6 lg:py-3"
          >
            <div
              class="flex flex-col gap-y-4 py-3"
            >
              <div
                class="text-xl text-dial-blueberry font-semibold"
              >
                Remote Learning
              </div>
              <div
                class="flex justify-center items-center py-16 bg-white rounded border"
              >
                <div
                  class="w-20 h-20 px-1 py-1 rounded-full bg-dial-blueberry"
                >
                  <img
                    alt="Logo of Use Case."
                    class="object-contain dial-blueberry-filter w-14 h-14 mx-auto my-2 white-filter"
                    src="http://localhost:3000//assets/use-cases/remote-learning.svg"
                  />
                </div>
              </div>
              <div
                class="flex flex-col gap-y-8 text-sm pt-6 pb-3"
              />
            </div>
            <hr
              class="border-b border-dial-slate-200"
            />
          </div>
        </div>
      </div>
      <div
        class="lg:basis-2/3"
      >
        <div
          class="h-[60vh]"
        >
          <div
            class="flex bg-dial-alice-blue h-full"
          >
            <div
              class="text-dial-stratos text-lg w-full my-auto flex flex-col gap-4"
            >
              <svg
                class="mx-auto"
                fill="currentColor"
                height="3em"
                stroke="currentColor"
                stroke-width="0"
                viewBox="0 0 512 512"
                width="3em"
                xmlns="http://www.w3.org/2000/svg"
              >
                <path
                  d="M256 512A256 256 0 1 0 256 0a256 256 0 1 0 0 512zm0-384c13.3 0 24 10.7 24 24V264c0 13.3-10.7 24-24 24s-24-10.7-24-24V152c0-13.3 10.7-24 24-24zM224 352a32 32 0 1 1 64 0 32 32 0 1 1 -64 0z"
                />
              </svg>
              <div
                class="text-center mt-5"
              >
                You are not authorized to view this page
              </div>
            </div>
          </div>
        </div>
      </div>
    </div>
  </div>
</div>
`;
